// Jest Snapshot v1, https://goo.gl/fbAQLP

exports[`LettersTray component Matches the snapshot 1`] = `
<div
  className="css-zr8jku"
>
  <button
    className="css-46x0g4"
    disabled={false}
    onClick={[Function]}
    value="A"
  >
    A
  </button>
  <button
    className="css-46x0g4"
    disabled={false}
    onClick={[Function]}
    value="B"
  >
    B
  </button>
  <button
    className="css-46x0g4"
    disabled={false}
    onClick={[Function]}
    value="C"
  >
    C
  </button>
  <button
    className="css-46x0g4"
    disabled={false}
    onClick={[Function]}
    value="D"
  >
    D
  </button>
  <button
    className="css-46x0g4"
    disabled={false}
    onClick={[Function]}
    value="E"
  >
    E
  </button>
  <button
    className="css-46x0g4"
    disabled={false}
    onClick={[Function]}
    value="F"
  >
    F
  </button>
  <button
    className="css-46x0g4"
    disabled={false}
    onClick={[Function]}
    value="G"
  >
    G
  </button>
  <button
    className="css-46x0g4"
    disabled={false}
    onClick={[Function]}
    value="H"
  >
    H
  </button>
  <button
    className="css-46x0g4"
    disabled={false}
    onClick={[Function]}
    value="I"
  >
    I
  </button>
  <button
    className="css-46x0g4"
    disabled={false}
    onClick={[Function]}
    value="J"
  >
    J
  </button>
  <button
    className="css-46x0g4"
    disabled={false}
    onClick={[Function]}
    value="K"
  >
    K
  </button>
  <button
    className="css-46x0g4"
    disabled={false}
    onClick={[Function]}
    value="L"
  >
    L
  </button>
  <button
    className="css-46x0g4"
    disabled={false}
    onClick={[Function]}
    value="M"
  >
    M
  </button>
  <button
    className="css-46x0g4"
    disabled={false}
    onClick={[Function]}
    value="N"
  >
    N
  </button>
  <button
    className="css-46x0g4"
    disabled={false}
    onClick={[Function]}
    value="O"
  >
    O
  </button>
  <button
    className="css-46x0g4"
    disabled={false}
    onClick={[Function]}
    value="P"
  >
    P
  </button>
  <button
    className="css-46x0g4"
    disabled={false}
    onClick={[Function]}
    value="Q"
  >
    Q
  </button>
  <button
    className="css-46x0g4"
    disabled={false}
    onClick={[Function]}
    value="R"
  >
    R
  </button>
  <button
    className="css-46x0g4"
    disabled={false}
    onClick={[Function]}
    value="S"
  >
    S
  </button>
  <button
    className="css-46x0g4"
    disabled={false}
    onClick={[Function]}
    value="T"
  >
    T
  </button>
  <button
    className="css-46x0g4"
    disabled={false}
    onClick={[Function]}
    value="U"
  >
    U
  </button>
  <button
    className="css-46x0g4"
    disabled={false}
    onClick={[Function]}
    value="V"
  >
    V
  </button>
  <button
    className="css-46x0g4"
    disabled={false}
    onClick={[Function]}
    value="W"
  >
    W
  </button>
  <button
    className="css-46x0g4"
    disabled={false}
    onClick={[Function]}
    value="X"
  >
    X
  </button>
  <button
    className="css-46x0g4"
    disabled={false}
    onClick={[Function]}
    value="Y"
  >
    Y
  </button>
  <button
    className="css-46x0g4"
    disabled={false}
    onClick={[Function]}
    value="Z"
  >
    Z
  </button>
</div>
`;
